# Final TinyMCE Cleanup Verification - 2025-10-08

## Comprehensive Grep Search Results

### Command: grep -r "tinymce|TinyMCE" -i (excluding node_modules, .git, docs)

All remaining TinyMCE references are DOCUMENTATION ONLY (expected and correct):

1. SESSION-HANDOFF-2025-09-08.md - Historical handoff document
2. test-results/tiptap-migration-e2e-verification-20251008.md - Migration verification report
3. docs/functional-areas/html-editor-migration/* - Migration documentation (6 files)
4. docs/architecture/research/* - Research documents supporting migration decision
5. docs/architecture/file-registry.md - Archive tracking
6. docs/architecture/functional-area-master-index.md - Index entry for migration docs
7. docs/standards-processes/testing/* - Test catalog entries
8. docs/standards-processes/ui-implementation-standards.md - Historical standards
9. docs/functional-areas/events/new-work/* - Event feature documentation
10. docs/functional-areas/ui-components/research/* - UI research documents
11. docs/guides-setup/tinymce-api-key-setup.md - MARKED FOR ARCHIVAL
12. .git/COMMIT_EDITMSG - Git commit message (historical)

## Source Code Verification ✅

### apps/web/src/ - React Components
```bash
$ grep -r "tinymce|TinyMCE" -i apps/web/src/
# NO RESULTS - CLEAN ✅
```

### apps/web/tests/ - Test Files
```bash
$ grep -r "tinymce|TinyMCE" -i apps/web/tests/
# NO RESULTS - CLEAN ✅
```

### test-current-state.spec.ts - Root Test File
```bash
$ grep -i "tinymce" test-current-state.spec.ts
# NO RESULTS - CLEAN ✅
```

### Package Files
```bash
$ grep -i "tinymce" package.json
# NO RESULTS - CLEAN ✅

$ grep -i "tinymce" apps/web/package.json
# NO RESULTS - CLEAN ✅

$ grep -r "tinymce" --include="package-lock.json" .
# NO RESULTS - CLEAN ✅
```

## TypeScript Compilation ✅
```bash
$ cd apps/web && npx tsc --noEmit
# 0 ERRORS ✅
```

## npm Installation ✅
```bash
$ npm install
removed 2 packages, and audited 730 packages in 2s
# SUCCESS - TinyMCE packages removed ✅
```

## Summary

**STATUS**: ✅ COMPLETE - 100% CLEAN

- Source Code: 0 references
- Test Files: 0 references
- Package Files: 0 references
- TypeScript Errors: 0
- Build Status: Clean
- Documentation: Preserved (expected and correct)

**CONCLUSION**: TinyMCE has been completely removed from all production code, test code, and dependencies. Only historical documentation remains, which is expected and appropriate for project history tracking.
